src/App.tsx(2,14): error TS6133: 'Socket' is declared but its value is never read.
src/App.tsx(3,10): error TS1484: 'GameState' is a type and must be imported using a type-only import when 'verbatimModuleSyntax' is enabled.
src/App.tsx(6,10): error TS2305: Module '"./components/Game"' has no exported member 'Game'.
src/components/DraggableItem.tsx(2,10): error TS2724: '"../types/game"' has no exported member named 'ITEMS'. Did you mean 'Item'?
src/components/DraggableItem.tsx(13,30): error TS7006: Parameter 'i' implicitly has an 'any' type.
src/components/GameManager.tsx(13,10): error TS2724: '"../types/game"' has no exported member named 'TIERS'. Did you mean 'Tier'?
src/components/GameManager.tsx(373,32): error TS7006: Parameter 'tier' implicitly has an 'any' type.
src/components/GameManager.tsx(374,64): error TS7053: Element implicitly has an 'any' type because expression of type 'any' can't be used to index type 'Record<Tier, string[]>'.
src/components/Lobby.tsx(2,10): error TS1484: 'GameState' is a type and must be imported using a type-only import when 'verbatimModuleSyntax' is enabled.
src/components/Results.tsx(2,10): error TS1484: 'GameState' is a type and must be imported using a type-only import when 'verbatimModuleSyntax' is enabled.
src/components/ResultsView.tsx(2,10): error TS2305: Module '"../types/game"' has no exported member 'TIER_SCORES'.
src/components/ResultsView.tsx(2,23): error TS2724: '"../types/game"' has no exported member named 'ITEMS'. Did you mean 'Item'?
src/components/ResultsView.tsx(3,15): error TS2305: Module '"../types/game"' has no exported member 'PlayerSubmission'.
src/components/ResultsView.tsx(23,19): error TS7006: Parameter 'item' implicitly has an 'any' type.
src/components/ResultsView.tsx(149,61): error TS7006: Parameter 'i' implicitly has an 'any' type.
